他のビルドが終わるのを待っています（同時に1本だけ回します）...
   ▲ Next.js 15.5.4

   Creating an optimized production build ...
 ✓ Compiled successfully in 44s
   Linting and checking validity of types ...
 ⨯ ESLint must be installed in order to run during builds: npm install --save-dev eslint
   Collecting page data ...
   Generating static pages (0/148) ...
   Generating static pages (37/148) 
   Generating static pages (74/148) 
   Generating static pages (111/148) 
 ✓ Generating static pages (148/148)
   Finalizing page optimization ...
   Collecting build traces ...
   Exporting (0/2) ...
 ✓ Exporting (2/2)

Route (app)                                 Size  First Load JS
┌ ○ /                                    25.8 kB         295 kB
├ ○ /_not-found                            136 B         102 kB
├ ○ /about                               3.49 kB         144 kB
├ ○ /all                                 1.48 kB         183 kB
├ ○ /apple-icon.png                          0 B            0 B
├ ○ /apps                                  219 B         115 kB
├ ● /apps/[slug]                           219 B         115 kB
├   ├ /apps/spelieve
├   ├ /apps/nanikore
├   └ /apps/nanitabeyo
├ ○ /atlas                               10.4 kB         164 kB
├ ○ /board                               4.67 kB         141 kB
├ ○ /cards                               1.54 kB         173 kB
├ ○ /design                                219 B         115 kB
├ ○ /friends                              5.3 kB         184 kB
├ ○ /goods                               2.34 kB         139 kB
├ ○ /icon.svg                                0 B            0 B
├ ● /island/[chapter]                     2.1 kB         264 kB
├   ├ /island/europe
├   ├ /island/middle-east
├   ├ /island/caucasus
├   └ [+4 more paths]
├ ● /island/[chapter]/streams              219 B         115 kB
├   ├ /island/europe/streams
├   ├ /island/middle-east/streams
├   ├ /island/caucasus/streams
├   └ [+2 more paths]
├ ○ /kitchen                             2.56 kB         166 kB
├ ● /kitchen/[slug]                        222 B         164 kB
├   ├ /kitchen/egg-sandwich
├   ├ /kitchen/roast-chicken
├   ├ /kitchen/tortilla
├   └ [+36 more paths]
├ ○ /legends                             1.66 kB         117 kB
├ ● /legends/[slug]                        219 B         115 kB
├   ├ /legends/iran-walk
├   ├ /legends/egypt-festival
├   ├ /legends/newyear-24h
├   └ [+5 more paths]
├ ○ /map                                   670 B         236 kB
├ ● /map/[slug]                            226 B         236 kB
├   ├ /map/france
├   ├ /map/netherlands
├   ├ /map/belgium
├   └ [+21 more paths]
├ ○ /me                                  4.64 kB         160 kB
├ ○ /me/desk                             10.6 kB         212 kB
├ ○ /me/remote                           4.28 kB         153 kB
├ ○ /me/roulette                         8.21 kB         127 kB
├ ○ /next                                4.56 kB         146 kB
├ ○ /next/new                              328 B         115 kB
├ ○ /nordic                              8.57 kB         186 kB
├ ● /nordic/[country]                    2.48 kB         139 kB
├   ├ /nordic/poland
├   ├ /nordic/lithuania
├   ├ /nordic/latvia
├   └ [+3 more paths]
├ ● /nordic/day/[n]                      5.62 kB         149 kB
├   ├ /nordic/day/depart
├   ├ /nordic/day/1
├   ├ /nordic/day/2
├   └ [+14 more paths]
├ ○ /nordic/guide                        1.05 kB         154 kB
├ ○ /nordic/photos                         328 B         115 kB
├ ○ /north-macedonia                       218 B         115 kB
├ ○ /now                                 5.91 kB         146 kB
├ ○ /privacy                               218 B         115 kB
├ ○ /robots.txt                            136 B         102 kB
├ ○ /roulette                            6.37 kB         111 kB
├ ○ /sitemap.xml                           136 B         102 kB
├ ○ /streams                             1.84 kB         131 kB
└ ● /streams/[slug]                        515 B         123 kB
    ├ /streams/cooking
    ├ /streams/walk
    ├ /streams/making
    └ [+2 more paths]
+ First Load JS shared by all             102 kB
  ├ chunks/8504-03fab4fcf9deb40d.js      45.6 kB
  ├ chunks/b486655f-c2d242651fcf0459.js  54.2 kB
  └ other shared chunks (total)          2.47 kB


○  (Static)  prerendered as static content
●  (SSG)     prerendered as static HTML (uses generateStaticParams)

